// Jest Snapshot v1, https://goo.gl/fbAQLP

exports[`StakeForm.vue should render a banner when the user has unlocked TLOS 1`] = `
<div
  data-v-app=""
>
  
  <div
    class="c-stake-form row"
  >
    <div
      class="col-xs-12 col-md-6 offset-md-3"
    >
      <!--v-if-->
    </div>
    <div
      class="col-12 q-mb-lg"
    >
      <base-staking-form-stub
        bottominputamount="0"
        bottominputisloading="false"
        bottominputlabel="pages.staking.receive_stlos"
        ctadisabled="true"
        ctatext="pages.staking.stake_tlos"
        header="pages.staking.stake_tlos"
        subheader="pages.staking.stake_tlos_subheader"
        topinputamount="0"
        topinputerrortext=""
        topinputinfotext="pages.staking.available"
        topinputisloading="false"
        topinputlabel="pages.staking.stake_tlos"
        topinputmaxvalue="149000000000